# Generated by Tahoe::DotLine_FormatterT $Revision: 1.6 $

begin: tahoe
title. . . . . . . . . . . . . . . . . . . . . . . = Dielectric Elastomer Testing
author . . . . . . . . . . . . . . . . . . . . . . = hspark
geometry_format. . . . . . . . . . . . . . . . . . = automatic
geometry_format = automatic (default)
geometry_format = TahoeII
geometry_format = ExodusII
geometry_file. . . . . . . . . . . . . . . . . . . = ../../geometry/8x8.geom
output_format. . . . . . . . . . . . . . . . . . . = ExodusII
output_format = automatic (default)
output_format = Tahoe
output_format = TecPlot
output_format = EnSight
output_format = ExodusII
restart_output_inc . . . . . . . . . . . . . . . . = 0
restart_output_inc >= 0 (default)
echo_input . . . . . . . . . . . . . . . . . . . . = false
echo_input(default) = false
logging. . . . . . . . . . . . . . . . . . . . . . = moderate
logging = verbose
logging = moderate (default)
logging = silent
compute_IC . . . . . . . . . . . . . . . . . . . . = false
compute_IC(default) = true

begin: tahoe::time
scaling. . . . . . . . . . . . . . . . . . . . . . = linear
scaling = linear (default)
scaling = logarithmic
init_time. . . . . . . . . . . . . . . . . . . . . = 0.000000e+00
init_time >= 0 (default)
num_steps. . . . . . . . . . . . . . . . . . . . . = 10000
num_steps >= 0
output_inc . . . . . . . . . . . . . . . . . . . . = 1
output_inc(default) = 0
max_step_cuts. . . . . . . . . . . . . . . . . . . = 0
max_step_cuts >= 0 (default)
time_step. . . . . . . . . . . . . . . . . . . . . = 1.000000e-02
time_step >= 0

begin: tahoe::time::schedule_function

begin: tahoe::time::schedule_function::linear_function
a. . . . . . . . . . . . . . . . . . . . . . . . . = 1.000000e+00
b. . . . . . . . . . . . . . . . . . . . . . . . . = 0.000000e+00
end: tahoe::time::schedule_function::linear_function

end: tahoe::time::schedule_function

end: tahoe::time

begin: tahoe::nodes

begin: tahoe::nodes::field
field_name . . . . . . . . . . . . . . . . . . . . = displacement
solution_group . . . . . . . . . . . . . . . . . . = 1
solution_group >= 1 (default)
integrator . . . . . . . . . . . . . . . . . . . . = nonlinear_HHT
integrator = linear_static
integrator = static (default)
integrator = trapezoid
integrator = linear_HHT
integrator = nonlinear_HHT
integrator = central_difference
integrator = Verlet
integrator = Gear6
integrator = mixed
total_energy_output_inc. . . . . . . . . . . . . . = 0
total_energy_output_inc >= 0 (default)

begin: tahoe::nodes::field::dof_labels

begin: tahoe::nodes::field::dof_labels::String
value. . . . . . . . . . . . . . . . . . . . . . . = D_X
end: tahoe::nodes::field::dof_labels::String

begin: tahoe::nodes::field::dof_labels::String
value. . . . . . . . . . . . . . . . . . . . . . . = D_Y
end: tahoe::nodes::field::dof_labels::String

end: tahoe::nodes::field::dof_labels

begin: tahoe::nodes::field::kinematic_BC
node_ID. . . . . . . . . . . . . . . . . . . . . . = 3
dof. . . . . . . . . . . . . . . . . . . . . . . . = 1
type . . . . . . . . . . . . . . . . . . . . . . . = fixed
type = fixed (default)
type = u
type = D_u
type = DD_u
type = D3_u
type = D4_u
schedule . . . . . . . . . . . . . . . . . . . . . = 0
schedule(default) = 0
value. . . . . . . . . . . . . . . . . . . . . . . = 0.000000e+00
value(default) = 0.000000e+00
end: tahoe::nodes::field::kinematic_BC

begin: tahoe::nodes::field::kinematic_BC
node_ID. . . . . . . . . . . . . . . . . . . . . . = 3
dof. . . . . . . . . . . . . . . . . . . . . . . . = 2
type . . . . . . . . . . . . . . . . . . . . . . . = fixed
type = fixed (default)
type = u
type = D_u
type = DD_u
type = D3_u
type = D4_u
schedule . . . . . . . . . . . . . . . . . . . . . = 0
schedule(default) = 0
value. . . . . . . . . . . . . . . . . . . . . . . = 0.000000e+00
value(default) = 0.000000e+00
end: tahoe::nodes::field::kinematic_BC

end: tahoe::nodes::field

begin: tahoe::nodes::field
field_name . . . . . . . . . . . . . . . . . . . . = electric_scalar_potential
solution_group . . . . . . . . . . . . . . . . . . = 1
solution_group >= 1 (default)
integrator . . . . . . . . . . . . . . . . . . . . = static
integrator = linear_static
integrator = static (default)
integrator = trapezoid
integrator = linear_HHT
integrator = nonlinear_HHT
integrator = central_difference
integrator = Verlet
integrator = Gear6
integrator = mixed
total_energy_output_inc. . . . . . . . . . . . . . = 0
total_energy_output_inc >= 0 (default)

begin: tahoe::nodes::field::dof_labels

begin: tahoe::nodes::field::dof_labels::String
value. . . . . . . . . . . . . . . . . . . . . . . = Psi
end: tahoe::nodes::field::dof_labels::String

end: tahoe::nodes::field::dof_labels

end: tahoe::nodes::field

end: tahoe::nodes

begin: tahoe::element_list

begin: tahoe::element_list::dielectric_elastomer_Q1P0Elastocapillary
field_name . . . . . . . . . . . . . . . . . . . . = displacement
mass_type. . . . . . . . . . . . . . . . . . . . . = automatic
mass_type = automatic (default)
mass_type = no_mass
mass_type = consistent_mass
mass_type = lumped_mass
eigenvalue_inc . . . . . . . . . . . . . . . . . . = 0
eigenvalue_inc >= 0 (default)
electric_field_name. . . . . . . . . . . . . . . . = electric_scalar_potential
output_surface . . . . . . . . . . . . . . . . . . = false
output_surface(default) = false

begin: tahoe::element_list::dielectric_elastomer_Q1P0Elastocapillary::quadrilateral
num_ip . . . . . . . . . . . . . . . . . . . . . . = 4
num_ip = 1
num_ip = 4 (default)
num_ip = 5
num_ip = 9
num_ip = 16
end: tahoe::element_list::dielectric_elastomer_Q1P0Elastocapillary::quadrilateral

begin: tahoe::element_list::dielectric_elastomer_Q1P0Elastocapillary::solid_element_nodal_output
displacements. . . . . . . . . . . . . . . . . . . = 1
displacements(default) = 1
electric_field . . . . . . . . . . . . . . . . . . = 1
electric_field(default) = 1
electric_scalar_potential. . . . . . . . . . . . . = 1
electric_scalar_potential(default) = 1
end: tahoe::element_list::dielectric_elastomer_Q1P0Elastocapillary::solid_element_nodal_output

begin: tahoe::element_list::dielectric_elastomer_Q1P0Elastocapillary::large_strain_element_block

begin: tahoe::element_list::dielectric_elastomer_Q1P0Elastocapillary::large_strain_element_block::block_ID_list

begin: tahoe::element_list::dielectric_elastomer_Q1P0Elastocapillary::large_strain_element_block::block_ID_list::String
value. . . . . . . . . . . . . . . . . . . . . . . = 1
end: tahoe::element_list::dielectric_elastomer_Q1P0Elastocapillary::large_strain_element_block::block_ID_list::String

end: tahoe::element_list::dielectric_elastomer_Q1P0Elastocapillary::large_strain_element_block::block_ID_list

begin: tahoe::element_list::dielectric_elastomer_Q1P0Elastocapillary::large_strain_element_block::large_strain_material_2D

begin: tahoe::element_list::dielectric_elastomer_Q1P0Elastocapillary::large_strain_element_block::large_strain_material_2D::Dielectric_Elastomer_Q1P02D
density. . . . . . . . . . . . . . . . . . . . . . = 1.000000e+00
density >= 0.000000e+00
constraint_2D. . . . . . . . . . . . . . . . . . . = none
constraint_2D = none (default)
constraint_2D = plane_stress
constraint_2D = plane_strain
CTE. . . . . . . . . . . . . . . . . . . . . . . . = 0.000000e+00
CTE(default) = 0.000000e+00
mu . . . . . . . . . . . . . . . . . . . . . . . . = 1.000000e+00
epsilon. . . . . . . . . . . . . . . . . . . . . . = 1.000000e+00
Nrig . . . . . . . . . . . . . . . . . . . . . . . = 5.000000e+00
lambda . . . . . . . . . . . . . . . . . . . . . . = 1.000000e+03
gamma. . . . . . . . . . . . . . . . . . . . . . . = 1.000000e+00
t_0. . . . . . . . . . . . . . . . . . . . . . . . = 1.000000e+00
end: tahoe::element_list::dielectric_elastomer_Q1P0Elastocapillary::large_strain_element_block::large_strain_material_2D::Dielectric_Elastomer_Q1P02D

end: tahoe::element_list::dielectric_elastomer_Q1P0Elastocapillary::large_strain_element_block::large_strain_material_2D

end: tahoe::element_list::dielectric_elastomer_Q1P0Elastocapillary::large_strain_element_block

end: tahoe::element_list::dielectric_elastomer_Q1P0Elastocapillary

end: tahoe::element_list

begin: tahoe::nonlinear_solver
print_eqnos. . . . . . . . . . . . . . . . . . . . = false
print_eqnos(default) = false
check_code . . . . . . . . . . . . . . . . . . . . = no_check
check_code = no_check (default)
check_code = small_pivots
check_code = all_pivots
check_code = print_LHS
check_code = print_RHS
check_code = print_solution
check_code = check_LHS
check_LHS_perturbation . . . . . . . . . . . . . . = 1.000000e-08
check_LHS_perturbation >= 0.000000e+00
check_LHS_perturbation(default) = 1.000000e-08
max_iterations . . . . . . . . . . . . . . . . . . = 100
min_iterations . . . . . . . . . . . . . . . . . . = 0
min_iterations(default) = 0
reform_tangent_iterations. . . . . . . . . . . . . = 1
reform_tangent_iterations >= 1 (default)
abs_tolerance. . . . . . . . . . . . . . . . . . . = 1.000000e-07
rel_tolerance. . . . . . . . . . . . . . . . . . . = 1.000000e-09
divergence_tolerance . . . . . . . . . . . . . . . = 1.000000e+10
quick_solve_iter . . . . . . . . . . . . . . . . . = 6
quick_solve_iter(default) = 6
quick_solve_count. . . . . . . . . . . . . . . . . = 3
quick_solve_count(default) = 3
output_inc . . . . . . . . . . . . . . . . . . . . = 0
output_inc >= 0 (default)

begin: tahoe::nonlinear_solver::profile_matrix
end: tahoe::nonlinear_solver::profile_matrix

end: tahoe::nonlinear_solver

end: tahoe


 E q u a t i o n    S y s t e m    D a t a :

 Local number of equations . . . . . . . . . . . = 225
 Total number of equations . . . . . . . . . . . = 225
 Number of terms in global matrix. . . . . . . . = 11845
 Mean half bandwidth . . . . . . . . . . . . . . = 53
 Bandwidth . . . . . . . . . . . . . . . . . . . = 31


 Converged at time = 1.000000e-02

 Time = 1.000000e-02
 Step 1 of 10000

 Converged at time = 2.000000e-02

 Time = 2.000000e-02
 Step 2 of 10000

 Converged at time = 3.000000e-02

 Time = 3.000000e-02
 Step 3 of 10000

 Converged at time = 4.000000e-02

 Time = 4.000000e-02
 Step 4 of 10000

 Converged at time = 5.000000e-02

 Time = 5.000000e-02
 Step 5 of 10000

 Converged at time = 6.000000e-02

 Time = 6.000000e-02
 Step 6 of 10000

 Converged at time = 7.000000e-02

 Time = 7.000000e-02
 Step 7 of 10000

 Converged at time = 8.000000e-02

 Time = 8.000000e-02
 Step 8 of 10000

 Converged at time = 9.000000e-02

 Time = 9.000000e-02
 Step 9 of 10000

 Converged at time = 1.000000e-01

 Time = 1.000000e-01
 Step 10 of 10000

 Converged at time = 1.100000e-01

 Time = 1.100000e-01
 Step 11 of 10000

 Converged at time = 1.200000e-01

 Time = 1.200000e-01
 Step 12 of 10000

 Converged at time = 1.300000e-01

 Time = 1.300000e-01
 Step 13 of 10000

 Converged at time = 1.400000e-01

 Time = 1.400000e-01
 Step 14 of 10000

 Converged at time = 1.500000e-01

 Time = 1.500000e-01
 Step 15 of 10000

 Converged at time = 1.600000e-01

 Time = 1.600000e-01
 Step 16 of 10000

 Converged at time = 1.700000e-01

 Time = 1.700000e-01
 Step 17 of 10000

 Converged at time = 1.800000e-01

 Time = 1.800000e-01
 Step 18 of 10000

 Converged at time = 1.900000e-01

 Time = 1.900000e-01
 Step 19 of 10000

 Converged at time = 2.000000e-01

 Time = 2.000000e-01
 Step 20 of 10000

 Converged at time = 2.100000e-01

 Time = 2.100000e-01
 Step 21 of 10000

 Converged at time = 2.200000e-01

 Time = 2.200000e-01
 Step 22 of 10000

 Converged at time = 2.300000e-01

 Time = 2.300000e-01
 Step 23 of 10000

 Converged at time = 2.400000e-01

 Time = 2.400000e-01
 Step 24 of 10000

 Converged at time = 2.500000e-01

 Time = 2.500000e-01
 Step 25 of 10000

 Converged at time = 2.600000e-01

 Time = 2.600000e-01
 Step 26 of 10000

 Converged at time = 2.700000e-01

 Time = 2.700000e-01
 Step 27 of 10000

 Converged at time = 2.800000e-01

 Time = 2.800000e-01
 Step 28 of 10000

 Converged at time = 2.900000e-01

 Time = 2.900000e-01
 Step 29 of 10000

 Converged at time = 3.000000e-01

 Time = 3.000000e-01
 Step 30 of 10000

 Converged at time = 3.100000e-01

 Time = 3.100000e-01
 Step 31 of 10000

 Converged at time = 3.200000e-01

 Time = 3.200000e-01
 Step 32 of 10000

 Converged at time = 3.300000e-01

 Time = 3.300000e-01
 Step 33 of 10000

 Converged at time = 3.400000e-01

 Time = 3.400000e-01
 Step 34 of 10000

 Converged at time = 3.500000e-01

 Time = 3.500000e-01
 Step 35 of 10000

 Converged at time = 3.600000e-01

 Time = 3.600000e-01
 Step 36 of 10000

 Converged at time = 3.700000e-01

 Time = 3.700000e-01
 Step 37 of 10000

 Converged at time = 3.800000e-01

 Time = 3.800000e-01
 Step 38 of 10000

 Converged at time = 3.900000e-01

 Time = 3.900000e-01
 Step 39 of 10000

 Converged at time = 4.000000e-01

 Time = 4.000000e-01
 Step 40 of 10000

 Converged at time = 4.100000e-01

 Time = 4.100000e-01
 Step 41 of 10000

 Converged at time = 4.200000e-01

 Time = 4.200000e-01
 Step 42 of 10000

 Converged at time = 4.300000e-01

 Time = 4.300000e-01
 Step 43 of 10000

 Converged at time = 4.400000e-01

 Time = 4.400000e-01
 Step 44 of 10000

 Converged at time = 4.500000e-01

 Time = 4.500000e-01
 Step 45 of 10000

 Converged at time = 4.600000e-01

 Time = 4.600000e-01
 Step 46 of 10000

 Converged at time = 4.700000e-01

 Time = 4.700000e-01
 Step 47 of 10000

 Converged at time = 4.800000e-01

 Time = 4.800000e-01
 Step 48 of 10000

 Converged at time = 4.900000e-01

 Time = 4.900000e-01
 Step 49 of 10000

 Converged at time = 5.000000e-01

 Time = 5.000000e-01
 Step 50 of 10000

 Converged at time = 5.100000e-01

 Time = 5.100000e-01
 Step 51 of 10000

 Converged at time = 5.200000e-01

 Time = 5.200000e-01
 Step 52 of 10000

 Converged at time = 5.300000e-01

 Time = 5.300000e-01
 Step 53 of 10000

 Converged at time = 5.400000e-01

 Time = 5.400000e-01
 Step 54 of 10000

 Converged at time = 5.500000e-01

 Time = 5.500000e-01
 Step 55 of 10000

 Converged at time = 5.600000e-01

 Time = 5.600000e-01
 Step 56 of 10000

 Converged at time = 5.700000e-01

 Time = 5.700000e-01
 Step 57 of 10000

 Converged at time = 5.800000e-01

 Time = 5.800000e-01
 Step 58 of 10000

 Converged at time = 5.900000e-01

 Time = 5.900000e-01
 Step 59 of 10000

 Converged at time = 6.000000e-01

 Time = 6.000000e-01
 Step 60 of 10000

 Converged at time = 6.100000e-01

 Time = 6.100000e-01
 Step 61 of 10000

 Converged at time = 6.200000e-01

 Time = 6.200000e-01
 Step 62 of 10000

 Converged at time = 6.300000e-01

 Time = 6.300000e-01
 Step 63 of 10000

 Converged at time = 6.400000e-01

 Time = 6.400000e-01
 Step 64 of 10000

 Converged at time = 6.500000e-01

 Time = 6.500000e-01
 Step 65 of 10000

 Converged at time = 6.600000e-01

 Time = 6.600000e-01
 Step 66 of 10000

 Converged at time = 6.700000e-01

 Time = 6.700000e-01
 Step 67 of 10000

 Converged at time = 6.800000e-01

 Time = 6.800000e-01
 Step 68 of 10000

 Converged at time = 6.900000e-01

 Time = 6.900000e-01
 Step 69 of 10000

 Converged at time = 7.000000e-01

 Time = 7.000000e-01
 Step 70 of 10000

 Converged at time = 7.100000e-01

 Time = 7.100000e-01
 Step 71 of 10000

 Converged at time = 7.200000e-01

 Time = 7.200000e-01
 Step 72 of 10000

 Converged at time = 7.300000e-01

 Time = 7.300000e-01
 Step 73 of 10000

 Converged at time = 7.400000e-01

 Time = 7.400000e-01
 Step 74 of 10000

 Converged at time = 7.500000e-01

 Time = 7.500000e-01
 Step 75 of 10000

 Converged at time = 7.600000e-01

 Time = 7.600000e-01
 Step 76 of 10000

 Converged at time = 7.700000e-01

 Time = 7.700000e-01
 Step 77 of 10000

 Converged at time = 7.800000e-01

 Time = 7.800000e-01
 Step 78 of 10000

 Converged at time = 7.900000e-01

 Time = 7.900000e-01
 Step 79 of 10000

 Converged at time = 8.000000e-01

 Time = 8.000000e-01
 Step 80 of 10000

 Converged at time = 8.100000e-01

 Time = 8.100000e-01
 Step 81 of 10000

 Converged at time = 8.200000e-01

 Time = 8.200000e-01
 Step 82 of 10000

 Converged at time = 8.300000e-01

 Time = 8.300000e-01
 Step 83 of 10000

 Converged at time = 8.400000e-01

 Time = 8.400000e-01
 Step 84 of 10000

 Converged at time = 8.500000e-01

 Time = 8.500000e-01
 Step 85 of 10000

 Converged at time = 8.600000e-01

 Time = 8.600000e-01
 Step 86 of 10000

 Converged at time = 8.700000e-01

 Time = 8.700000e-01
 Step 87 of 10000

 Converged at time = 8.800000e-01

 Time = 8.800000e-01
 Step 88 of 10000

 Converged at time = 8.900000e-01

 Time = 8.900000e-01
 Step 89 of 10000

 Converged at time = 9.000000e-01

 Time = 9.000000e-01
 Step 90 of 10000

 Converged at time = 9.100000e-01

 Time = 9.100000e-01
 Step 91 of 10000

 Converged at time = 9.200000e-01

 Time = 9.200000e-01
 Step 92 of 10000

 Converged at time = 9.300000e-01
